#   TID     FUNCTION
 [     1] | func1() {
 [     1] |   func2() {
 [     1] |     func3();
 [     1] |   } /* func2 */
 [     1] | } /* func1 */
 [     1] | func1() {
 [     1] |   func2() {
 [     1] |     func3();
 [     1] |   } /* func2 */
 [     1] | } /* func1 */
 [     1] | func1() {
 [     1] |   func2() {
 [     1] |     func3();
 [     1] |   } /* func2 */
 [     1] | } /* func1 */
